// Jest Snapshot v1, https://goo.gl/fbAQLP

exports[`Button Component Button snapshot 1`] = `
<DocumentFragment>
  <button
    class="custom-class  rounded-2xl py-2 px-4 border-0"
  >
    Click me
  </button>
</DocumentFragment>
`;
